3 4 5 6 7 8 9 
-10 -9 -8 -7 -6 -5 -4 -3 -2 -1 0 1 2 
0 2 4 6 8 10 12 14 16 
10 9 8 7 6 5 4 3 2 1 0 
1 2 4 8 16 32 64 128 256 512 1024 
10 7 4 1 -2 -5 -8 
a b c d e f 
200 201 202 203 204 205 206 207 208 
0 3 2 1 0 4 7 3 9 1 
0 9 6 48 30 7.93725 
:) :) :) :) :) 
160 161 162 163 164 165 166 167 168 
